test_direction_identity_is_not_a_model_feature (test_ai_trader.TrainingPreparationTests.test_direction_identity_is_not_a_model_feature) ... ok
test_entry_sl_tp_survive_merge_suffixes (test_ai_trader.TrainingPreparationTests.test_entry_sl_tp_survive_merge_suffixes) ... ok
test_direction_limit_cannot_exceed_total_limit (test_desktop_app.DesktopSettingsTests.test_direction_limit_cannot_exceed_total_limit) ... ok
test_every_desktop_setting_is_consumed_by_config (test_desktop_app.DesktopSettingsTests.test_every_desktop_setting_is_consumed_by_config) ... ok
test_every_preset_is_valid (test_desktop_app.DesktopSettingsTests.test_every_preset_is_valid) ... ok
test_installed_exe_uses_local_app_data (test_desktop_app.DesktopSettingsTests.test_installed_exe_uses_local_app_data) ... ok
test_news_calendar_url_must_be_http (test_desktop_app.DesktopSettingsTests.test_news_calendar_url_must_be_http) ... ok
test_project_exe_keeps_existing_history (test_desktop_app.DesktopSettingsTests.test_project_exe_keeps_existing_history) ... ok
test_rejects_inverted_indicator_and_schedule_ranges (test_desktop_app.DesktopSettingsTests.test_rejects_inverted_indicator_and_schedule_ranges) ... ok
test_rejects_unsafe_or_invalid_numeric_values (test_desktop_app.DesktopSettingsTests.test_rejects_unsafe_or_invalid_numeric_values) ... ok
test_source_connection_tools_dispatch_through_desktop_cli (test_desktop_app.DesktopSettingsTests.test_source_connection_tools_dispatch_through_desktop_cli) ... ok
test_valid_settings (test_desktop_app.DesktopSettingsTests.test_valid_settings) ... ok
test_export_then_import_supported_experience_csv (test_history_store.HistoryStoreTests.test_export_then_import_supported_experience_csv) ... ok
test_import_rejects_unknown_csv (test_history_store.HistoryStoreTests.test_import_rejects_unknown_csv) ... ok
test_merge_deduplicates_ticket_and_preserves_unique_rows (test_history_store.HistoryStoreTests.test_merge_deduplicates_ticket_and_preserves_unique_rows) ... ok
test_merge_learning_history_does_nothing_for_same_directory (test_history_store.HistoryStoreTests.test_merge_learning_history_does_nothing_for_same_directory) ... ok
test_accepts_varied_unique_history (test_learning_and_risk.LearningQualityTests.test_accepts_varied_unique_history) ... ok
test_metrics_distinguish_profit_size_using_r_multiple (test_learning_and_risk.LearningQualityTests.test_metrics_distinguish_profit_size_using_r_multiple) ... ok
test_rejects_uniform_corrupt_history (test_learning_and_risk.LearningQualityTests.test_rejects_uniform_corrupt_history) ... ok
test_segment_is_setup_only_not_trade_direction (test_learning_and_risk.LearningQualityTests.test_segment_is_setup_only_not_trade_direction) ... ok
test_allows_minimum_lot_within_hard_risk_limit (test_learning_and_risk.RiskSizingTests.test_allows_minimum_lot_within_hard_risk_limit) ... ok
test_open_risk_uses_stop_distance (test_learning_and_risk.RiskSizingTests.test_open_risk_uses_stop_distance) ... ok
test_rejects_minimum_lot_when_it_exceeds_risk_budget (test_learning_and_risk.RiskSizingTests.test_rejects_minimum_lot_when_it_exceeds_risk_budget) ... ok
test_future_server_time_falls_back_to_local_log_time (test_market_filters.MarketFilterTests.test_future_server_time_falls_back_to_local_log_time) ... ok
test_loss_cooldown (test_market_filters.MarketFilterTests.test_loss_cooldown) ... ok
test_manual_news_blackout (test_market_filters.MarketFilterTests.test_manual_news_blackout) ... ok
test_second_loss_uses_progressive_cooldown (test_market_filters.MarketFilterTests.test_second_loss_uses_progressive_cooldown) ... ok
test_spread_below_thirty_five_percent_is_available_for_quiet_market_mode (test_market_filters.MarketFilterTests.test_spread_below_thirty_five_percent_is_available_for_quiet_market_mode) ... ok
test_spread_between_twenty_and_twenty_five_percent_is_allowed (test_market_filters.MarketFilterTests.test_spread_between_twenty_and_twenty_five_percent_is_allowed) ... ok
test_spread_guard (test_market_filters.MarketFilterTests.test_spread_guard) ... ok
test_filters_and_aggregates_only_requested_position (test_mt5_connector.ClosedDealLookupTests.test_filters_and_aggregates_only_requested_position) ... ok
test_rejects_insufficient_remaining_margin (test_next_stage_guards.ExecutionGuardTests.test_rejects_insufficient_remaining_margin) ... ok
test_rejects_averaging_into_losing_position (test_next_stage_guards.ExposureTests.test_rejects_averaging_into_losing_position) ... ok
test_failed_calendar_request_is_throttled (test_next_stage_guards.NewsFilterTests.test_failed_calendar_request_is_throttled) ... ok
test_fmp_country_and_event_fields_are_supported (test_next_stage_guards.NewsFilterTests.test_fmp_country_and_event_fields_are_supported) ... ok
test_high_impact_usd_event_blocks_entry (test_next_stage_guards.NewsFilterTests.test_high_impact_usd_event_blocks_entry) ... ok
test_three_errors_open_circuit (test_next_stage_guards.OrderCircuitTests.test_three_errors_open_circuit) ... ok
test_negative_rolling_enters_probe_mode_after_pause (test_next_stage_guards.PerformanceGuardTests.test_negative_rolling_enters_probe_mode_after_pause) ... ok
test_oversized_loss_only_blocks_for_cooldown (test_next_stage_guards.PerformanceGuardTests.test_oversized_loss_only_blocks_for_cooldown) ... ok
test_stops_negative_rolling_expectancy (test_next_stage_guards.PerformanceGuardTests.test_stops_negative_rolling_expectancy) ... ok
test_break_even_never_worsens_buy_stop (test_position_manager.PositionManagerTests.test_break_even_never_worsens_buy_stop) ... ok
test_daily_equity_baseline_survives_restart_and_resets_next_day (test_runtime_guard.RuntimeGuardTests.test_daily_equity_baseline_survives_restart_and_resets_next_day) ... ok
test_single_instance_lock_rejects_second_handle (test_runtime_guard.RuntimeGuardTests.test_single_instance_lock_rejects_second_handle) ... ok
test_tracked_tickets_survive_state_reload (test_runtime_guard.RuntimeGuardTests.test_tracked_tickets_survive_state_reload) ... ok
test_records_and_resolves_rejected_signal (test_shadow_tracker.ShadowTrackerTests.test_records_and_resolves_rejected_signal) ... ok
test_clean_trade_log_removes_rows_without_position_ticket (test_trade_logger.TradeLoggerRepairTests.test_clean_trade_log_removes_rows_without_position_ticket) ... ok
test_entry_lookup_returns_original_order_and_levels (test_trade_logger.TradeLoggerRepairTests.test_entry_lookup_returns_original_order_and_levels) ... ok
test_log_closed_trade_is_idempotent_by_ticket (test_trade_logger.TradeLoggerRepairTests.test_log_closed_trade_is_idempotent_by_ticket) ... ok
test_repair_log_with_malformed_reason_and_missing_columns (test_trade_logger.TradeLoggerRepairTests.test_repair_log_with_malformed_reason_and_missing_columns) ... ok

----------------------------------------------------------------------
Ran 49 tests in 0.233s

OK
148 INFO: PyInstaller: 6.21.0, contrib hooks: 2026.6
187 INFO: Python: 3.14.6
231 INFO: Platform: Windows-11-10.0.26200-SP0
231 INFO: Python environment: C:\trading\.venv
232 INFO: wrote C:\trading\AITradingDesktop.spec
234 INFO: Removing temporary files and cleaning cache in C:\Users\USER\AppData\Local\pyinstaller
1768 WARNING: Failed to collect submodules for 'sklearn.externals.array_api_compat.torch' because importing 'sklearn.externals.array_api_compat.torch' raised: ModuleNotFoundError: No module named 'torch'
3438 INFO: Module search paths (PYTHONPATH):
['C:\\trading\\.venv\\Scripts\\pyinstaller.exe',
 'C:\\Python314\\python314.zip',
 'C:\\Python314\\DLLs',
 'C:\\Python314\\Lib',
 'C:\\Python314',
 'C:\\trading\\.venv',
 'C:\\trading\\.venv\\Lib\\site-packages',
 'C:\\trading']
3824 INFO: Appending 'binaries' from .spec
3893 INFO: Appending 'datas' from .spec
3925 INFO: checking Analysis
3925 INFO: Building Analysis because Analysis-00.toc is non existent
3926 INFO: Looking for Python shared library...
3926 INFO: Using Python shared library: C:\Python314\python314.dll
3926 INFO: Running Analysis Analysis-00.toc
3927 INFO: Target bytecode optimization level: 0
3927 INFO: Initializing module dependency graph...
3928 INFO: Initializing module graph hook caches...
3943 INFO: Analyzing modules for base_library.zip ...
5752 INFO: Processing standard module hook 'hook-encodings.py' from 'C:\\trading\\.venv\\Lib\\site-packages\\PyInstaller\\hooks'
6348 INFO: Processing standard module hook 'hook-math.py' from 'C:\\trading\\.venv\\Lib\\site-packages\\PyInstaller\\hooks'
7963 INFO: Processing standard module hook 'hook-difflib.py' from 'C:\\trading\\.venv\\Lib\\site-packages\\PyInstaller\\hooks'
8039 INFO: Processing standard module hook 'hook-heapq.py' from 'C:\\trading\\.venv\\Lib\\site-packages\\PyInstaller\\hooks'
8173 INFO: Processing standard module hook 'hook-pickle.py' from 'C:\\trading\\.venv\\Lib\\site-packages\\PyInstaller\\hooks'
9833 INFO: Caching module dependency graph...
9901 INFO: Analyzing C:\trading\desktop_app.py
9962 INFO: Processing pre-find-module-path hook 'hook-tkinter.py' from 'C:\\trading\\.venv\\Lib\\site-packages\\PyInstaller\\hooks\\pre_find_module_path'
9963 INFO: TclTkInfo: initializing cached Tcl/Tk info...
10326 INFO: Processing standard module hook 'hook-_tkinter.py' from 'C:\\trading\\.venv\\Lib\\site-packages\\PyInstaller\\hooks'
10506 INFO: Processing standard module hook 'hook-sysconfig.py' from 'C:\\trading\\.venv\\Lib\\site-packages\\PyInstaller\\hooks'
10512 INFO: Processing standard module hook 'hook-_ctypes.py' from 'C:\\trading\\.venv\\Lib\\site-packages\\PyInstaller\\hooks'
10551 INFO: Processing standard module hook 'hook-pandas.py' from 'C:\\trading\\.venv\\Lib\\site-packages\\PyInstaller\\hooks'
11938 INFO: Processing standard module hook 'hook-platform.py' from 'C:\\trading\\.venv\\Lib\\site-packages\\PyInstaller\\hooks'
11965 INFO: Processing standard module hook 'hook-numpy.py' from 'C:\\trading\\.venv\\Lib\\site-packages\\PyInstaller\\hooks'
12343 INFO: Processing pre-safe-import-module hook 'hook-typing_extensions.py' from 'C:\\trading\\.venv\\Lib\\site-packages\\PyInstaller\\hooks\\pre_safe_import_module'
12385 INFO: SetuptoolsInfo: initializing cached setuptools info...
13265 INFO: Processing standard module hook 'hook-multiprocessing.util.py' from 'C:\\trading\\.venv\\Lib\\site-packages\\PyInstaller\\hooks'
13386 INFO: Processing standard module hook 'hook-xml.py' from 'C:\\trading\\.venv\\Lib\\site-packages\\PyInstaller\\hooks'
14949 INFO: Processing standard module hook 'hook-webbrowser.py' from 'C:\\trading\\.venv\\Lib\\site-packages\\PyInstaller\\hooks'
16973 INFO: Processing standard module hook 'hook-charset_normalizer.py' from 'C:\\trading\\.venv\\Lib\\site-packages\\_pyinstaller_hooks_contrib\\stdhooks'
17618 INFO: Processing standard module hook 'hook-zoneinfo.py' from 'C:\\trading\\.venv\\Lib\\site-packages\\_pyinstaller_hooks_contrib\\stdhooks'
17934 INFO: Processing standard module hook 'hook-scipy.py' from 'C:\\trading\\.venv\\Lib\\site-packages\\PyInstaller\\hooks'
19478 INFO: Processing standard module hook 'hook-scipy.linalg.py' from 'C:\\trading\\.venv\\Lib\\site-packages\\PyInstaller\\hooks'
19700 INFO: Processing standard module hook 'hook-scipy.special._ufuncs.py' from 'C:\\trading\\.venv\\Lib\\site-packages\\PyInstaller\\hooks'
21214 INFO: Processing standard module hook 'hook-scipy.spatial._ckdtree.py' from 'C:\\trading\\.venv\\Lib\\site-packages\\PyInstaller\\hooks'
22015 INFO: Processing standard module hook 'hook-scipy.spatial.transform.rotation.py' from 'C:\\trading\\.venv\\Lib\\site-packages\\PyInstaller\\hooks'
23238 INFO: Processing standard module hook 'hook-scipy.stats._stats.py' from 'C:\\trading\\.venv\\Lib\\site-packages\\PyInstaller\\hooks'
23912 INFO: Processing standard module hook 'hook-scipy.sparse.csgraph.py' from 'C:\\trading\\.venv\\Lib\\site-packages\\PyInstaller\\hooks'
24923 INFO: Processing standard module hook 'hook-scipy.special._ellip_harm_2.py' from 'C:\\trading\\.venv\\Lib\\site-packages\\PyInstaller\\hooks'
27227 INFO: Processing standard module hook 'hook-pandas.io.formats.style.py' from 'C:\\trading\\.venv\\Lib\\site-packages\\PyInstaller\\hooks'
30174 INFO: Processing standard module hook 'hook-pandas.plotting.py' from 'C:\\trading\\.venv\\Lib\\site-packages\\PyInstaller\\hooks'
30930 INFO: Processing standard module hook 'hook-dateutil.py' from 'C:\\trading\\.venv\\Lib\\site-packages\\_pyinstaller_hooks_contrib\\stdhooks'
31117 INFO: Processing pre-safe-import-module hook 'hook-six.moves.py' from 'C:\\trading\\.venv\\Lib\\site-packages\\PyInstaller\\hooks\\pre_safe_import_module'
32753 INFO: Processing standard module hook 'hook-sqlite3.py' from 'C:\\trading\\.venv\\Lib\\site-packages\\PyInstaller\\hooks'
33172 INFO: Processing standard module hook 'hook-pandas.io.clipboard.py' from 'C:\\trading\\.venv\\Lib\\site-packages\\PyInstaller\\hooks'
33453 INFO: Processing standard module hook 'hook-xml.etree.cElementTree.py' from 'C:\\trading\\.venv\\Lib\\site-packages\\PyInstaller\\hooks'
33502 INFO: Processing standard module hook 'hook-lxml.py' from 'C:\\trading\\.venv\\Lib\\site-packages\\_pyinstaller_hooks_contrib\\stdhooks'
33897 INFO: Processing standard module hook 'hook-lxml.etree.py' from 'C:\\trading\\.venv\\Lib\\site-packages\\_pyinstaller_hooks_contrib\\stdhooks'
33957 INFO: Processing standard module hook 'hook-xml.dom.domreg.py' from 'C:\\trading\\.venv\\Lib\\site-packages\\PyInstaller\\hooks'
34699 INFO: Processing standard module hook 'hook-urllib3.py' from 'C:\\trading\\.venv\\Lib\\site-packages\\_pyinstaller_hooks_contrib\\stdhooks'
34838 INFO: Processing pre-safe-import-module hook 'hook-backports.py' from 'C:\\trading\\.venv\\Lib\\site-packages\\PyInstaller\\hooks\\pre_safe_import_module'
34839 INFO: Setuptools: 'backports' appears to be a full setuptools-vendored copy - creating alias to 'setuptools._vendor.backports'!
34849 INFO: Processing standard module hook 'hook-setuptools.py' from 'C:\\trading\\.venv\\Lib\\site-packages\\PyInstaller\\hooks'
34865 INFO: Processing pre-safe-import-module hook 'hook-distutils.py' from 'C:\\trading\\.venv\\Lib\\site-packages\\PyInstaller\\hooks\\pre_safe_import_module'
34902 INFO: Processing pre-safe-import-module hook 'hook-jaraco.py' from 'C:\\trading\\.venv\\Lib\\site-packages\\PyInstaller\\hooks\\pre_safe_import_module'
34903 INFO: Setuptools: 'jaraco' appears to be a full setuptools-vendored copy - creating alias to 'setuptools._vendor.jaraco'!
34921 INFO: Processing pre-safe-import-module hook 'hook-more_itertools.py' from 'C:\\trading\\.venv\\Lib\\site-packages\\PyInstaller\\hooks\\pre_safe_import_module'
34921 INFO: Setuptools: 'more_itertools' appears to be a setuptools-vendored copy - creating alias to 'setuptools._vendor.more_itertools'!
35198 INFO: Processing pre-safe-import-module hook 'hook-packaging.py' from 'C:\\trading\\.venv\\Lib\\site-packages\\PyInstaller\\hooks\\pre_safe_import_module'
35487 INFO: Processing standard module hook 'hook-setuptools._vendor.jaraco.text.py' from 'C:\\trading\\.venv\\Lib\\site-packages\\PyInstaller\\hooks'
35518 INFO: Processing pre-safe-import-module hook 'hook-importlib_resources.py' from 'C:\\trading\\.venv\\Lib\\site-packages\\PyInstaller\\hooks\\pre_safe_import_module'
36050 INFO: Processing pre-safe-import-module hook 'hook-tomli.py' from 'C:\\trading\\.venv\\Lib\\site-packages\\PyInstaller\\hooks\\pre_safe_import_module'
36087 INFO: Setuptools: 'tomli' appears to be a setuptools-vendored copy - creating alias to 'setuptools._vendor.tomli'!
36754 INFO: Processing pre-safe-import-module hook 'hook-wheel.py' from 'C:\\trading\\.venv\\Lib\\site-packages\\PyInstaller\\hooks\\pre_safe_import_module'
36792 INFO: Setuptools: 'wheel' appears to be a setuptools-vendored copy - creating alias to 'setuptools._vendor.wheel'!
37307 INFO: Processing standard module hook 'hook-certifi.py' from 'C:\\trading\\.venv\\Lib\\site-packages\\_pyinstaller_hooks_contrib\\stdhooks'
37934 INFO: Processing standard module hook 'hook-sklearn.py' from 'C:\\trading\\.venv\\Lib\\site-packages\\_pyinstaller_hooks_contrib\\stdhooks'
38443 INFO: Processing standard module hook 'hook-sklearn.utils.py' from 'C:\\trading\\.venv\\Lib\\site-packages\\_pyinstaller_hooks_contrib\\stdhooks'
38629 INFO: Processing standard module hook 'hook-narwhals.py' from 'C:\\trading\\.venv\\Lib\\site-packages\\_pyinstaller_hooks_contrib\\stdhooks'
40825 INFO: Processing standard module hook 'hook-sklearn.externals.array_api_compat.numpy.py' from 'C:\\trading\\.venv\\Lib\\site-packages\\_pyinstaller_hooks_contrib\\stdhooks'
40924 INFO: Processing standard module hook 'hook-sklearn.externals.array_api_compat.cupy.py' from 'C:\\trading\\.venv\\Lib\\site-packages\\_pyinstaller_hooks_contrib\\stdhooks'
40941 INFO: Processing standard module hook 'hook-sklearn.externals.array_api_compat.torch.py' from 'C:\\trading\\.venv\\Lib\\site-packages\\_pyinstaller_hooks_contrib\\stdhooks'
40989 INFO: Processing standard module hook 'hook-sklearn.externals.array_api_compat.dask.array.py' from 'C:\\trading\\.venv\\Lib\\site-packages\\_pyinstaller_hooks_contrib\\stdhooks'
41338 INFO: Processing standard module hook 'hook-sklearn.metrics.py' from 'C:\\trading\\.venv\\Lib\\site-packages\\_pyinstaller_hooks_contrib\\stdhooks'
44891 INFO: Processing standard module hook 'hook-sklearn.metrics.cluster.py' from 'C:\\trading\\.venv\\Lib\\site-packages\\_pyinstaller_hooks_contrib\\stdhooks'
45008 INFO: Processing standard module hook 'hook-sklearn.metrics.pairwise.py' from 'C:\\trading\\.venv\\Lib\\site-packages\\_pyinstaller_hooks_contrib\\stdhooks'
45226 INFO: Processing standard module hook 'hook-sklearn.cluster.py' from 'C:\\trading\\.venv\\Lib\\site-packages\\_pyinstaller_hooks_contrib\\stdhooks'
45450 INFO: Processing standard module hook 'hook-sklearn.neighbors.py' from 'C:\\trading\\.venv\\Lib\\site-packages\\_pyinstaller_hooks_contrib\\stdhooks'
45594 INFO: Processing standard module hook 'hook-sklearn.linear_model.py' from 'C:\\trading\\.venv\\Lib\\site-packages\\_pyinstaller_hooks_contrib\\stdhooks'
47375 INFO: Processing standard module hook 'hook-sklearn.tree.py' from 'C:\\trading\\.venv\\Lib\\site-packages\\_pyinstaller_hooks_contrib\\stdhooks'
47779 INFO: Analyzing hidden import 'sklearn._build_utils'
47780 INFO: Analyzing hidden import 'sklearn._build_utils.tempita'
47785 INFO: Analyzing hidden import 'sklearn._build_utils.version'
47786 INFO: Analyzing hidden import 'sklearn._cyutility'
47789 INFO: Analyzing hidden import 'sklearn._loss.tests'
47790 INFO: Analyzing hidden import 'sklearn._loss.tests.test_link'
47797 INFO: Analyzing hidden import 'sklearn._loss.tests.test_loss'
47855 INFO: Analyzing hidden import 'sklearn._min_dependencies'
47858 INFO: Analyzing hidden import 'sklearn.callback.tests'
47859 INFO: Analyzing hidden import 'sklearn.callback.tests._utils'
47877 INFO: Analyzing hidden import 'sklearn.callback.tests.conftest'
47879 INFO: Analyzing hidden import 'sklearn.callback.tests.test_callback_context'
47900 INFO: Analyzing hidden import 'sklearn.callback.tests.test_callback_support'
47906 INFO: Analyzing hidden import 'sklearn.callback.tests.test_pickle'
47979 INFO: Processing standard module hook 'hook-scipy.io.matlab.py' from 'C:\\trading\\.venv\\Lib\\site-packages\\PyInstaller\\hooks'
48501 INFO: Analyzing hidden import 'sklearn.callback.tests.test_progressbar'
48659 INFO: Analyzing hidden import 'sklearn.callback.tests.test_scoring_monitor'
48677 INFO: Analyzing hidden import 'sklearn.cluster._hdbscan.tests'
48678 INFO: Analyzing hidden import 'sklearn.cluster._hdbscan.tests.test_reachibility'
48681 INFO: Analyzing hidden import 'sklearn.cluster.tests'
48682 INFO: Analyzing hidden import 'sklearn.cluster.tests.common'
48684 INFO: Analyzing hidden import 'sklearn.cluster.tests.test_affinity_propagation'
48699 INFO: Analyzing hidden import 'sklearn.cluster.tests.test_bicluster'
48712 INFO: Analyzing hidden import 'sklearn.cluster.tests.test_birch'
48723 INFO: Analyzing hidden import 'sklearn.cluster.tests.test_bisect_k_means'
48731 INFO: Analyzing hidden import 'sklearn.cluster.tests.test_dbscan'
48750 INFO: Analyzing hidden import 'sklearn.cluster.tests.test_feature_agglomeration'
48754 INFO: Analyzing hidden import 'sklearn.cluster.tests.test_hdbscan'
48778 INFO: Analyzing hidden import 'sklearn.cluster.tests.test_hierarchical'
48835 INFO: Analyzing hidden import 'sklearn.cluster.tests.test_k_means'
48887 INFO: Analyzing hidden import 'sklearn.cluster.tests.test_mean_shift'
48898 INFO: Analyzing hidden import 'sklearn.cluster.tests.test_optics'
48930 INFO: Analyzing hidden import 'sklearn.cluster.tests.test_spectral'
48945 INFO: Analyzing hidden import 'sklearn.compose.tests'
48946 INFO: Analyzing hidden import 'sklearn.compose.tests.test_column_transformer'
49170 INFO: Analyzing hidden import 'sklearn.compose.tests.test_target'
49279 INFO: Analyzing hidden import 'sklearn.conftest'
49307 INFO: Processing pre-safe-import-module hook 'hook-platformdirs.py' from 'C:\\trading\\.venv\\Lib\\site-packages\\PyInstaller\\hooks\\pre_safe_import_module'
49308 INFO: Setuptools: 'platformdirs' appears to be a setuptools-vendored copy - creating alias to 'setuptools._vendor.platformdirs'!
49378 INFO: Analyzing hidden import 'sklearn.covariance.tests'
49379 INFO: Analyzing hidden import 'sklearn.covariance.tests.test_covariance'
49395 INFO: Analyzing hidden import 'sklearn.covariance.tests.test_elliptic_envelope'
49399 INFO: Analyzing hidden import 'sklearn.covariance.tests.test_graphical_lasso'
49412 INFO: Analyzing hidden import 'sklearn.covariance.tests.test_robust_covariance'
49419 INFO: Analyzing hidden import 'sklearn.cross_decomposition'
49441 INFO: Analyzing hidden import 'sklearn.cross_decomposition.tests'
49442 INFO: Analyzing hidden import 'sklearn.cross_decomposition.tests.test_pls'
49471 INFO: Analyzing hidden import 'sklearn.datasets.data'
49472 INFO: Analyzing hidden import 'sklearn.datasets.descr'
49473 INFO: Analyzing hidden import 'sklearn.datasets.images'
49474 INFO: Analyzing hidden import 'sklearn.datasets.tests'
49475 INFO: Analyzing hidden import 'sklearn.datasets.tests.data'
49476 INFO: Analyzing hidden import 'sklearn.datasets.tests.data.openml'
49477 INFO: Analyzing hidden import 'sklearn.datasets.tests.data.openml.id_1'
49479 INFO: Analyzing hidden import 'sklearn.datasets.tests.data.openml.id_1119'
49479 INFO: Analyzing hidden import 'sklearn.datasets.tests.data.openml.id_1590'
49480 INFO: Analyzing hidden import 'sklearn.datasets.tests.data.openml.id_2'
49481 INFO: Analyzing hidden import 'sklearn.datasets.tests.data.openml.id_292'
49482 INFO: Analyzing hidden import 'sklearn.datasets.tests.data.openml.id_3'
49482 INFO: Analyzing hidden import 'sklearn.datasets.tests.data.openml.id_40589'
49483 INFO: Analyzing hidden import 'sklearn.datasets.tests.data.openml.id_40675'
49484 INFO: Analyzing hidden import 'sklearn.datasets.tests.data.openml.id_40945'
49484 INFO: Analyzing hidden import 'sklearn.datasets.tests.data.openml.id_40966'
49485 INFO: Analyzing hidden import 'sklearn.datasets.tests.data.openml.id_42074'
49486 INFO: Analyzing hidden import 'sklearn.datasets.tests.data.openml.id_42585'
49486 INFO: Analyzing hidden import 'sklearn.datasets.tests.data.openml.id_561'
49487 INFO: Analyzing hidden import 'sklearn.datasets.tests.data.openml.id_61'
49488 INFO: Analyzing hidden import 'sklearn.datasets.tests.data.openml.id_62'
49489 INFO: Analyzing hidden import 'sklearn.datasets.tests.test_20news'
49504 INFO: Analyzing hidden import 'sklearn.datasets.tests.test_arff_parser'
49511 INFO: Analyzing hidden import 'sklearn.datasets.tests.test_base'
49541 INFO: Analyzing hidden import 'sklearn.datasets.tests.test_california_housing'
49544 INFO: Analyzing hidden import 'sklearn.datasets.tests.test_covtype'
49548 INFO: Analyzing hidden import 'sklearn.datasets.tests.test_kddcup99'
49552 INFO: Analyzing hidden import 'sklearn.datasets.tests.test_lfw'
49561 INFO: Analyzing hidden import 'sklearn.datasets.tests.test_olivetti_faces'
49563 INFO: Analyzing hidden import 'sklearn.datasets.tests.test_openml'
49622 INFO: Analyzing hidden import 'sklearn.datasets.tests.test_rcv1'
49626 INFO: Analyzing hidden import 'sklearn.datasets.tests.test_samples_generator'
49674 INFO: Analyzing hidden import 'sklearn.datasets.tests.test_svmlight_format'
49708 INFO: Analyzing hidden import 'sklearn.decomposition.tests'
49709 INFO: Analyzing hidden import 'sklearn.decomposition.tests.test_dict_learning'
50305 INFO: Analyzing hidden import 'sklearn.decomposition.tests.test_factor_analysis'
50394 INFO: Analyzing hidden import 'sklearn.decomposition.tests.test_fastica'
50416 INFO: Analyzing hidden import 'sklearn.decomposition.tests.test_incremental_pca'
50437 INFO: Analyzing hidden import 'sklearn.decomposition.tests.test_kernel_pca'
50458 INFO: Analyzing hidden import 'sklearn.decomposition.tests.test_nmf'
50502 INFO: Analyzing hidden import 'sklearn.decomposition.tests.test_online_lda'
50521 INFO: Analyzing hidden import 'sklearn.decomposition.tests.test_pca'
50570 INFO: Analyzing hidden import 'sklearn.decomposition.tests.test_sparse_pca'
50586 INFO: Analyzing hidden import 'sklearn.decomposition.tests.test_truncated_svd'
50631 INFO: Analyzing hidden import 'sklearn.ensemble._hist_gradient_boosting.tests'
50632 INFO: Analyzing hidden import 'sklearn.ensemble._hist_gradient_boosting.tests.test_binning'
50657 INFO: Analyzing hidden import 'sklearn.ensemble._hist_gradient_boosting.tests.test_compare_lightgbm'
50672 INFO: Analyzing hidden import 'sklearn.ensemble._hist_gradient_boosting.tests.test_gradient_boosting'
50737 INFO: Analyzing hidden import 'sklearn.ensemble._hist_gradient_boosting.tests.test_grower'
50763 INFO: Analyzing hidden import 'sklearn.ensemble._hist_gradient_boosting.tests.test_histogram'
50772 INFO: Analyzing hidden import 'sklearn.ensemble._hist_gradient_boosting.tests.test_monotonic_constraints'
50789 INFO: Analyzing hidden import 'sklearn.ensemble._hist_gradient_boosting.tests.test_predictor'
50797 INFO: Analyzing hidden import 'sklearn.ensemble._hist_gradient_boosting.tests.test_splitting'
50828 INFO: Analyzing hidden import 'sklearn.ensemble._hist_gradient_boosting.tests.test_warm_start'
50837 INFO: Analyzing hidden import 'sklearn.ensemble.tests'
50838 INFO: Analyzing hidden import 'sklearn.ensemble.tests.test_bagging'
50883 INFO: Analyzing hidden import 'sklearn.ensemble.tests.test_base'
50890 INFO: Analyzing hidden import 'sklearn.ensemble.tests.test_bootstrap'
50895 INFO: Analyzing hidden import 'sklearn.ensemble.tests.test_common'
50906 INFO: Analyzing hidden import 'sklearn.ensemble.tests.test_forest'
50990 INFO: Analyzing hidden import 'sklearn.ensemble.tests.test_gradient_boosting'
51072 INFO: Analyzing hidden import 'sklearn.ensemble.tests.test_iforest'
51090 INFO: Analyzing hidden import 'sklearn.ensemble.tests.test_stacking'
51128 INFO: Analyzing hidden import 'sklearn.ensemble.tests.test_voting'
51164 INFO: Analyzing hidden import 'sklearn.ensemble.tests.test_weight_boosting'
51192 INFO: Analyzing hidden import 'sklearn.experimental.enable_hist_gradient_boosting'
51193 INFO: Analyzing hidden import 'sklearn.experimental.enable_iterative_imputer'
51195 INFO: Analyzing hidden import 'sklearn.experimental.tests'
51196 INFO: Analyzing hidden import 'sklearn.experimental.tests.test_enable_hist_gradient_boosting'
51197 INFO: Analyzing hidden import 'sklearn.experimental.tests.test_enable_iterative_imputer'
51199 INFO: Analyzing hidden import 'sklearn.experimental.tests.test_enable_successive_halving'
51201 INFO: Analyzing hidden import 'sklearn.externals.array_api_compat.common._fft'
51210 INFO: Analyzing hidden import 'sklearn.externals.array_api_compat.numpy.fft'
51213 INFO: Analyzing hidden import 'sklearn.externals.array_api_extra._lib._backends'
51217 INFO: Analyzing hidden import 'sklearn.externals.array_api_extra._lib._testing'
51225 INFO: Analyzing hidden import 'sklearn.externals.array_api_extra.testing'
51235 INFO: Analyzing hidden import 'sklearn.externals.conftest'
51236 INFO: Analyzing hidden import 'sklearn.feature_extraction.tests'
51237 INFO: Analyzing hidden import 'sklearn.feature_extraction.tests.test_dict_vectorizer'
51249 INFO: Analyzing hidden import 'sklearn.feature_extraction.tests.test_feature_hasher'
51260 INFO: Analyzing hidden import 'sklearn.feature_extraction.tests.test_image'
51279 INFO: Analyzing hidden import 'sklearn.feature_extraction.tests.test_text'
51344 INFO: Analyzing hidden import 'sklearn.feature_selection.tests'
51345 INFO: Analyzing hidden import 'sklearn.feature_selection.tests.test_base'
51354 INFO: Analyzing hidden import 'sklearn.feature_selection.tests.test_chi2'
51359 INFO: Analyzing hidden import 'sklearn.feature_selection.tests.test_feature_select'
51399 INFO: Analyzing hidden import 'sklearn.feature_selection.tests.test_from_model'
51429 INFO: Analyzing hidden import 'sklearn.feature_selection.tests.test_mutual_info'
51441 INFO: Analyzing hidden import 'sklearn.feature_selection.tests.test_rfe'
51479 INFO: Analyzing hidden import 'sklearn.feature_selection.tests.test_sequential'
51492 INFO: Analyzing hidden import 'sklearn.feature_selection.tests.test_variance_threshold'
51499 INFO: Analyzing hidden import 'sklearn.frozen.tests'
51500 INFO: Analyzing hidden import 'sklearn.frozen.tests.test_frozen'
51511 INFO: Analyzing hidden import 'sklearn.gaussian_process.tests'
51512 INFO: Analyzing hidden import 'sklearn.gaussian_process.tests._mini_sequence_kernel'
51516 INFO: Analyzing hidden import 'sklearn.gaussian_process.tests.test_gpc'
51531 INFO: Analyzing hidden import 'sklearn.gaussian_process.tests.test_gpr'
51564 INFO: Analyzing hidden import 'sklearn.gaussian_process.tests.test_kernels'
51582 INFO: Analyzing hidden import 'sklearn.impute.tests'
51583 INFO: Analyzing hidden import 'sklearn.impute.tests.test_base'
51589 INFO: Analyzing hidden import 'sklearn.impute.tests.test_common'
51604 INFO: Analyzing hidden import 'sklearn.impute.tests.test_impute'
51685 INFO: Analyzing hidden import 'sklearn.impute.tests.test_knn'
51711 INFO: Analyzing hidden import 'sklearn.inspection'
51779 INFO: Analyzing hidden import 'sklearn.inspection._plot.tests'
51779 INFO: Analyzing hidden import 'sklearn.inspection._plot.tests.test_boundary_decision_display'
51824 INFO: Analyzing hidden import 'sklearn.inspection._plot.tests.test_plot_partial_dependence'
51873 INFO: Analyzing hidden import 'sklearn.inspection.tests'
51874 INFO: Analyzing hidden import 'sklearn.inspection.tests.test_partial_dependence'
52057 INFO: Analyzing hidden import 'sklearn.inspection.tests.test_pd_utils'
52061 INFO: Analyzing hidden import 'sklearn.inspection.tests.test_permutation_importance'
52081 INFO: Analyzing hidden import 'sklearn.kernel_ridge'
52086 INFO: Analyzing hidden import 'sklearn.linear_model._glm.tests'
52086 INFO: Analyzing hidden import 'sklearn.linear_model._glm.tests.test_glm'
52133 INFO: Analyzing hidden import 'sklearn.linear_model.tests'
52134 INFO: Analyzing hidden import 'sklearn.linear_model.tests.test_base'
52174 INFO: Analyzing hidden import 'sklearn.linear_model.tests.test_bayes'
52189 INFO: Analyzing hidden import 'sklearn.linear_model.tests.test_common'
52201 INFO: Analyzing hidden import 'sklearn.linear_model.tests.test_coordinate_descent'
52283 INFO: Analyzing hidden import 'sklearn.linear_model.tests.test_huber'
52292 INFO: Analyzing hidden import 'sklearn.linear_model.tests.test_least_angle'
52329 INFO: Analyzing hidden import 'sklearn.linear_model.tests.test_linear_loss'
52349 INFO: Analyzing hidden import 'sklearn.linear_model.tests.test_logistic'
52467 INFO: Analyzing hidden import 'sklearn.linear_model.tests.test_omp'
52482 INFO: Analyzing hidden import 'sklearn.linear_model.tests.test_passive_aggressive'
52499 INFO: Analyzing hidden import 'sklearn.linear_model.tests.test_perceptron'
52505 INFO: Analyzing hidden import 'sklearn.linear_model.tests.test_quantile'
52520 INFO: Analyzing hidden import 'sklearn.linear_model.tests.test_ransac'
52541 INFO: Analyzing hidden import 'sklearn.linear_model.tests.test_ridge'
52657 INFO: Analyzing hidden import 'sklearn.linear_model.tests.test_sag'
52703 INFO: Analyzing hidden import 'sklearn.linear_model.tests.test_sgd'
52798 INFO: Analyzing hidden import 'sklearn.linear_model.tests.test_sparse_coordinate_descent'
52815 INFO: Analyzing hidden import 'sklearn.linear_model.tests.test_theil_sen'
52830 INFO: Analyzing hidden import 'sklearn.manifold.tests'
52831 INFO: Analyzing hidden import 'sklearn.manifold.tests.test_classical_mds'
52835 INFO: Analyzing hidden import 'sklearn.manifold.tests.test_isomap'
52849 INFO: Analyzing hidden import 'sklearn.manifold.tests.test_locally_linear'
52857 INFO: Analyzing hidden import 'sklearn.manifold.tests.test_mds'
52870 INFO: Analyzing hidden import 'sklearn.manifold.tests.test_spectral_embedding'
52892 INFO: Analyzing hidden import 'sklearn.manifold.tests.test_t_sne'
52932 INFO: Analyzing hidden import 'sklearn.metrics._pairwise_distances_reduction._datasets_pair'
52933 INFO: Analyzing hidden import 'sklearn.metrics._pairwise_distances_reduction._middle_term_computer'
52933 INFO: Analyzing hidden import 'sklearn.metrics._plot.tests'
52934 INFO: Analyzing hidden import 'sklearn.metrics._plot.tests.test_common_curve_display'
52969 INFO: Analyzing hidden import 'sklearn.metrics._plot.tests.test_confusion_matrix_display'
52988 INFO: Analyzing hidden import 'sklearn.metrics._plot.tests.test_det_curve_display'
52994 INFO: Analyzing hidden import 'sklearn.metrics._plot.tests.test_precision_recall_display'
53022 INFO: Analyzing hidden import 'sklearn.metrics._plot.tests.test_predict_error_display'
53029 INFO: Analyzing hidden import 'sklearn.metrics._plot.tests.test_roc_curve_display'
53052 INFO: Analyzing hidden import 'sklearn.metrics.cluster.tests'
53053 INFO: Analyzing hidden import 'sklearn.metrics.cluster.tests.test_bicluster'
53056 INFO: Analyzing hidden import 'sklearn.metrics.cluster.tests.test_common'
53162 INFO: Analyzing hidden import 'sklearn.metrics.cluster.tests.test_supervised'
53188 INFO: Analyzing hidden import 'sklearn.metrics.cluster.tests.test_unsupervised'
53204 INFO: Analyzing hidden import 'sklearn.metrics.tests.test_classification'
53368 INFO: Analyzing hidden import 'sklearn.metrics.tests.test_pairwise'
53454 INFO: Analyzing hidden import 'sklearn.metrics.tests.test_pairwise_distances_reduction'
53514 INFO: Analyzing hidden import 'sklearn.metrics.tests.test_ranking'
53645 INFO: Analyzing hidden import 'sklearn.metrics.tests.test_regression'
53679 INFO: Analyzing hidden import 'sklearn.metrics.tests.test_score_objects'
53751 INFO: Analyzing hidden import 'sklearn.mixture.tests'
53752 INFO: Analyzing hidden import 'sklearn.mixture.tests.test_bayesian_mixture'
53833 INFO: Analyzing hidden import 'sklearn.mixture.tests.test_mixture'
53836 INFO: Analyzing hidden import 'sklearn.model_selection.tests'
53836 INFO: Analyzing hidden import 'sklearn.model_selection.tests.common'
53838 INFO: Analyzing hidden import 'sklearn.model_selection.tests.test_classification_threshold'
53863 INFO: Analyzing hidden import 'sklearn.model_selection.tests.test_plot'
53886 INFO: Analyzing hidden import 'sklearn.model_selection.tests.test_search'
54024 INFO: Analyzing hidden import 'sklearn.model_selection.tests.test_split'
54133 INFO: Analyzing hidden import 'sklearn.model_selection.tests.test_successive_halving'
54170 INFO: Analyzing hidden import 'sklearn.model_selection.tests.test_validation'
54285 INFO: Analyzing hidden import 'sklearn.neighbors._partition_nodes'
54286 INFO: Analyzing hidden import 'sklearn.neighbors._quad_tree'
54287 INFO: Analyzing hidden import 'sklearn.neighbors.tests'
54287 INFO: Analyzing hidden import 'sklearn.neighbors.tests.test_ball_tree'
54299 INFO: Analyzing hidden import 'sklearn.neighbors.tests.test_graph'
54304 INFO: Analyzing hidden import 'sklearn.neighbors.tests.test_kd_tree'
54310 INFO: Analyzing hidden import 'sklearn.neighbors.tests.test_kde'
54325 INFO: Analyzing hidden import 'sklearn.neighbors.tests.test_lof'
54343 INFO: Analyzing hidden import 'sklearn.neighbors.tests.test_nca'
54368 INFO: Analyzing hidden import 'sklearn.neighbors.tests.test_nearest_centroid'
54379 INFO: Analyzing hidden import 'sklearn.neighbors.tests.test_neighbors'
54493 INFO: Analyzing hidden import 'sklearn.neighbors.tests.test_neighbors_pipeline'
54501 INFO: Analyzing hidden import 'sklearn.neighbors.tests.test_neighbors_tree'
54516 INFO: Analyzing hidden import 'sklearn.neighbors.tests.test_quad_tree'
54524 INFO: Analyzing hidden import 'sklearn.neural_network.tests'
54525 INFO: Analyzing hidden import 'sklearn.neural_network.tests.test_base'
54529 INFO: Analyzing hidden import 'sklearn.neural_network.tests.test_mlp'
54573 INFO: Analyzing hidden import 'sklearn.neural_network.tests.test_rbm'
54585 INFO: Analyzing hidden import 'sklearn.neural_network.tests.test_stochastic_optimizers'
54594 INFO: Analyzing hidden import 'sklearn.preprocessing.tests'
54595 INFO: Analyzing hidden import 'sklearn.preprocessing.tests.test_common'
54605 INFO: Analyzing hidden import 'sklearn.preprocessing.tests.test_data'
54743 INFO: Analyzing hidden import 'sklearn.preprocessing.tests.test_discretization'
54768 INFO: Analyzing hidden import 'sklearn.preprocessing.tests.test_encoders'
54877 INFO: Analyzing hidden import 'sklearn.preprocessing.tests.test_function_transformer'
54902 INFO: Analyzing hidden import 'sklearn.preprocessing.tests.test_label'
54951 INFO: Analyzing hidden import 'sklearn.preprocessing.tests.test_polynomial'
55005 INFO: Analyzing hidden import 'sklearn.preprocessing.tests.test_target_encoder'
55044 INFO: Analyzing hidden import 'sklearn.semi_supervised.tests'
55045 INFO: Analyzing hidden import 'sklearn.semi_supervised.tests.test_label_propagation'
55059 INFO: Analyzing hidden import 'sklearn.semi_supervised.tests.test_self_training'
55195 INFO: Analyzing hidden import 'sklearn.svm._newrand'
55196 INFO: Analyzing hidden import 'sklearn.svm.tests'
55196 INFO: Analyzing hidden import 'sklearn.svm.tests.test_bounds'
55204 INFO: Analyzing hidden import 'sklearn.svm.tests.test_sparse'
55296 INFO: Analyzing hidden import 'sklearn.tests.test_base'
55352 INFO: Analyzing hidden import 'sklearn.tests.test_build'
55355 INFO: Analyzing hidden import 'sklearn.tests.test_calibration'
55412 INFO: Analyzing hidden import 'sklearn.tests.test_check_build'
55414 INFO: Analyzing hidden import 'sklearn.tests.test_common'
55430 INFO: Analyzing hidden import 'sklearn.tests.test_config'
55438 INFO: Analyzing hidden import 'sklearn.tests.test_discriminant_analysis'
55476 INFO: Analyzing hidden import 'sklearn.tests.test_docstring_parameters'
55491 INFO: Analyzing hidden import 'sklearn.tests.test_docstring_parameters_consistency'
55494 INFO: Analyzing hidden import 'sklearn.tests.test_docstrings'
55501 INFO: Analyzing hidden import 'sklearn.tests.test_dummy'
55536 INFO: Analyzing hidden import 'sklearn.tests.test_init'
55538 INFO: Analyzing hidden import 'sklearn.tests.test_isotonic'
55567 INFO: Analyzing hidden import 'sklearn.tests.test_kernel_approximation'
55590 INFO: Analyzing hidden import 'sklearn.tests.test_kernel_ridge'
55596 INFO: Analyzing hidden import 'sklearn.tests.test_metadata_routing'
55642 INFO: Analyzing hidden import 'sklearn.tests.test_metaestimators'
55656 INFO: Analyzing hidden import 'sklearn.tests.test_metaestimators_metadata_routing'
55683 INFO: Analyzing hidden import 'sklearn.tests.test_min_dependencies_readme'
55690 INFO: Analyzing hidden import 'sklearn.tests.test_multiclass'
55737 INFO: Analyzing hidden import 'sklearn.tests.test_multioutput'
55777 INFO: Analyzing hidden import 'sklearn.tests.test_naive_bayes'
55828 INFO: Analyzing hidden import 'sklearn.tests.test_public_functions'
55839 INFO: Analyzing hidden import 'sklearn.tests.test_random_projection'
55861 INFO: Analyzing hidden import 'sklearn.tree._partitioner'
55861 INFO: Analyzing hidden import 'sklearn.tree.tests.test_export'
55879 INFO: Analyzing hidden import 'sklearn.tree.tests.test_fenwick'
55882 INFO: Analyzing hidden import 'sklearn.tree.tests.test_monotonic_tree'
55904 INFO: Analyzing hidden import 'sklearn.tree.tests.test_reingold_tilford'
55907 INFO: Analyzing hidden import 'sklearn.tree.tests.test_split'
55918 INFO: Analyzing hidden import 'sklearn.tree.tests.test_swap'
55921 INFO: Analyzing hidden import 'sklearn.utils._cython_blas'
55921 INFO: Analyzing hidden import 'sklearn.utils._heap'
55922 INFO: Analyzing hidden import 'sklearn.utils._repr_html.tests'
55923 INFO: Analyzing hidden import 'sklearn.utils._repr_html.tests.test_attributes'
55928 INFO: Analyzing hidden import 'sklearn.utils._repr_html.tests.test_estimator'
55954 INFO: Analyzing hidden import 'sklearn.utils._repr_html.tests.test_features'
55965 INFO: Analyzing hidden import 'sklearn.utils._repr_html.tests.test_js'
55970 INFO: Analyzing hidden import 'sklearn.utils._repr_html.tests.test_params'
55978 INFO: Analyzing hidden import 'sklearn.utils._sorting'
55978 INFO: Analyzing hidden import 'sklearn.utils._typedefs'
55979 INFO: Analyzing hidden import 'sklearn.utils._vector_sentinel'
55979 INFO: Analyzing hidden import 'sklearn.utils._weight_vector'
55980 INFO: Analyzing hidden import 'sklearn.utils.tests'
55981 INFO: Analyzing hidden import 'sklearn.utils.tests.test_arpack'
55982 INFO: Analyzing hidden import 'sklearn.utils.tests.test_array_api'
56038 INFO: Analyzing hidden import 'sklearn.utils.tests.test_arrayfuncs'
56040 INFO: Analyzing hidden import 'sklearn.utils.tests.test_bitset'
56045 INFO: Analyzing hidden import 'sklearn.utils.tests.test_bunch'
56047 INFO: Analyzing hidden import 'sklearn.utils.tests.test_chunking'
56052 INFO: Analyzing hidden import 'sklearn.utils.tests.test_class_weight'
56067 INFO: Analyzing hidden import 'sklearn.utils.tests.test_cython_blas'
56079 INFO: Analyzing hidden import 'sklearn.utils.tests.test_dataframe'
56084 INFO: Analyzing hidden import 'sklearn.utils.tests.test_deprecation'
56089 INFO: Analyzing hidden import 'sklearn.utils.tests.test_encode'
56103 INFO: Analyzing hidden import 'sklearn.utils.tests.test_estimator_checks'
56184 INFO: Analyzing hidden import 'sklearn.utils.tests.test_extmath'
56235 INFO: Analyzing hidden import 'sklearn.utils.tests.test_fast_dict'
56238 INFO: Analyzing hidden import 'sklearn.utils.tests.test_fixes'
56245 INFO: Analyzing hidden import 'sklearn.utils.tests.test_graph'
56250 INFO: Analyzing hidden import 'sklearn.utils.tests.test_indexing'
56285 INFO: Analyzing hidden import 'sklearn.utils.tests.test_mask'
56287 INFO: Analyzing hidden import 'sklearn.utils.tests.test_metaestimators'
56290 INFO: Analyzing hidden import 'sklearn.utils.tests.test_missing'
56291 INFO: Analyzing hidden import 'sklearn.utils.tests.test_mocking'
56302 INFO: Analyzing hidden import 'sklearn.utils.tests.test_multiclass'
56337 INFO: Analyzing hidden import 'sklearn.utils.tests.test_murmurhash'
56342 INFO: Analyzing hidden import 'sklearn.utils.tests.test_optimize'
56392 INFO: Analyzing hidden import 'sklearn.utils.tests.test_parallel'
56403 INFO: Analyzing hidden import 'sklearn.utils.tests.test_param_validation'
56441 INFO: Analyzing hidden import 'sklearn.utils.tests.test_plotting'
56465 INFO: Analyzing hidden import 'sklearn.utils.tests.test_pprint'
56483 INFO: Analyzing hidden import 'sklearn.utils.tests.test_random'
56494 INFO: Analyzing hidden import 'sklearn.utils.tests.test_response'
56511 INFO: Analyzing hidden import 'sklearn.utils.tests.test_seq_dataset'
56521 INFO: Analyzing hidden import 'sklearn.utils.tests.test_set_output'
56547 INFO: Analyzing hidden import 'sklearn.utils.tests.test_shortest_path'
56551 INFO: Analyzing hidden import 'sklearn.utils.tests.test_show_versions'
56553 INFO: Analyzing hidden import 'sklearn.utils.tests.test_sorting'
56557 INFO: Analyzing hidden import 'sklearn.utils.tests.test_sparse'
56563 INFO: Analyzing hidden import 'sklearn.utils.tests.test_sparsefuncs'
56615 INFO: Analyzing hidden import 'sklearn.utils.tests.test_stats'
56635 INFO: Analyzing hidden import 'sklearn.utils.tests.test_tags'
56643 INFO: Analyzing hidden import 'sklearn.utils.tests.test_testing'
56681 INFO: Analyzing hidden import 'sklearn.utils.tests.test_typedefs'
56683 INFO: Analyzing hidden import 'sklearn.utils.tests.test_unique'
56686 INFO: Analyzing hidden import 'sklearn.utils.tests.test_user_interface'
56689 INFO: Analyzing hidden import 'sklearn.utils.tests.test_validation'
56808 INFO: Analyzing hidden import 'sklearn.utils.tests.test_weight_vector'
56811 INFO: Processing module hooks (post-graph stage)...
57048 INFO: Processing standard module hook 'hook-lxml.isoschematron.py' from 'C:\\trading\\.venv\\Lib\\site-packages\\_pyinstaller_hooks_contrib\\stdhooks'
57154 WARNING: Hidden import "jinja2" not found!
57181 WARNING: Hidden import "scipy.special._cdflib" not found!
57601 INFO: Processing standard module hook 'hook-_tkinter.py' from 'C:\\trading\\.venv\\Lib\\site-packages\\PyInstaller\\hooks'
57640 INFO: Processing standard module hook 'hook-lxml.objectify.py' from 'C:\\trading\\.venv\\Lib\\site-packages\\_pyinstaller_hooks_contrib\\stdhooks'
57641 INFO: Processing standard module hook 'hook-tzdata.py' from 'C:\\trading\\.venv\\Lib\\site-packages\\_pyinstaller_hooks_contrib\\stdhooks'
58144 INFO: Performing binary vs. data reclassification (2549 entries)
58404 INFO: Looking for ctypes DLLs
58666 INFO: Analyzing run-time hooks ...
58676 INFO: Including run-time hook 'pyi_rth_pkgutil.py' from 'C:\\trading\\.venv\\Lib\\site-packages\\PyInstaller\\hooks\\rthooks'
58679 INFO: Including run-time hook 'pyi_rth_multiprocessing.py' from 'C:\\trading\\.venv\\Lib\\site-packages\\PyInstaller\\hooks\\rthooks'
58682 INFO: Including run-time hook 'pyi_rth_inspect.py' from 'C:\\trading\\.venv\\Lib\\site-packages\\PyInstaller\\hooks\\rthooks'
58686 INFO: Including run-time hook 'pyi_rth_setuptools.py' from 'C:\\trading\\.venv\\Lib\\site-packages\\PyInstaller\\hooks\\rthooks'
58688 INFO: Including run-time hook 'pyi_rth__tkinter.py' from 'C:\\trading\\.venv\\Lib\\site-packages\\PyInstaller\\hooks\\rthooks'
58775 INFO: Creating base_library.zip...
58798 INFO: Looking for dynamic libraries
61189 INFO: Extra DLL search directories (AddDllDirectory): ['C:\\trading\\.venv\\Lib\\site-packages\\pandas.libs', 'C:\\trading\\.venv\\Lib\\site-packages\\numpy.libs', 'C:\\trading\\.venv\\Lib\\site-packages\\scipy.libs']
61226 INFO: Extra DLL search directories (PATH): []
63091 INFO: Warnings written to C:\trading\build\AITradingDesktop\warn-AITradingDesktop.txt
63391 INFO: Graph cross-reference written to C:\trading\build\AITradingDesktop\xref-AITradingDesktop.html
63516 INFO: checking PYZ
63517 INFO: Building PYZ because PYZ-00.toc is non existent
63517 INFO: Building PYZ (ZlibArchive) C:\trading\build\AITradingDesktop\PYZ-00.pyz
64834 INFO: Building PYZ (ZlibArchive) C:\trading\build\AITradingDesktop\PYZ-00.pyz completed successfully.
64914 INFO: checking PKG
64915 INFO: Building PKG because PKG-00.toc is non existent
64915 INFO: Building PKG (CArchive) AITradingDesktop.pkg
72928 INFO: Building PKG (CArchive) AITradingDesktop.pkg completed successfully.
72978 INFO: Bootloader C:\trading\.venv\Lib\site-packages\PyInstaller\bootloader\Windows-64bit-intel\runw.exe
72978 INFO: checking EXE
72980 INFO: Building EXE because EXE-00.toc is non existent
72981 INFO: Building EXE from EXE-00.toc
72990 INFO: Copying bootloader EXE to C:\trading\dist\AITradingDesktop.exe
73057 INFO: Copying icon to EXE
73131 INFO: Copying version information to EXE
73186 INFO: Copying 0 resources to EXE
73186 INFO: Embedding manifest in EXE
73234 INFO: Appending PKG archive to EXE
73301 INFO: Fixing EXE headers
73910 INFO: Building EXE from EXE-00.toc completed successfully.
73971 INFO: Build complete! The results are available in: C:\trading\dist
